[neighboranimation.com/index.html]
[backblue.gif]
[fade.gif]
[index.html]
[neighboranimation.com/wp-content/uploads/2022/01/NEIGHBOR_Favicon_Teal.png]
[neighboranimation.com/wp-content/uploads/2022/04/NEIGHBOR_LOGO_FEATURED22.jpg]
[neighboranimation.com/wp-content/cache/minify/a5ff7.css]
[neighboranimation.com/wp-content/cache/minify/91213.css]
[neighboranimation.com/wp-content/cache/minify/3eed5.css]
[neighboranimation.com/wp-content/cache/minify/6f9ca.css]
[neighboranimation.com/wp-content/cache/minify/c4d91.js]
[neighboranimation.com/wp-content/cache/minify/818c0.js]
[neighboranimation.com/wp-json/wp/v2/pages/6.json]
[neighboranimation.com/wp-json/index.html]
[neighboranimation.com/feed/index.html]
[neighboranimation.com/comments/feed/index.html]
[neighboranimation.com/xmlrpc0db0.php]
[neighboranimation.com/wp-includes/wlwmanifest.xml]
[neighboranimation.com/wp-json/oembed/1.0/embed4d83.json]
[neighboranimation.com/wp-json/oembed/1.0/embedb234]
[use.typekit.net/xyc6tya.css]
[neighboranimation.com/wp-content/uploads/2018/05/NEIGHBOR_Logo_Web_Dark.png]
[neighboranimation.com/wp-content/uploads/2021/10/NEIGHBOR_Logo_Teal.png]
[neighboranimation.com/wp-content/uploads/2018/06.5/PREV_TEST_130.png]
[neighboranimation.com/wp-content/uploads/2018/06.5/NEXT_TEST_130.png]
[neighboranimation.com/wp-content/uploads/2022/04/HEADER_CAROUSEL_1920x320_v12.mp4]
[neighboranimation.com/wp-content/uploads/2025/04/TEAM8TES_3-1000x500.jpg]
[neighboranimation.com/wp-content/uploads/2025/04/CLIFKID_1000x500_.jpg]
[neighboranimation.com/wp-content/uploads/2023/11/OHL_HolidayMagic_1000x500-500x500.jpg]
[neighboranimation.com/wp-content/uploads/2025/04/COUNTRYMARK_1000x500_.jpg]
[neighboranimation.com/wp-content/uploads/2025/04/VILLAGE_NATURALS_1000x500_.jpg]
[neighboranimation.com/wp-content/uploads/2025/04/LUTEFISH_1000x500_-500x500.jpg]
[neighboranimation.com/wp-content/uploads/2023/11/Futurebuilt_1000x500-500x500.jpg]
[neighboranimation.com/work/team-m8tes/index.html]
[neighboranimation.com/wp-content/uploads/2023/11/MrBubble3in1_1000x500.jpg]
[neighboranimation.com/wp-content/uploads/2022/05/OHLCHX_1000x500.jpg]
[neighboranimation.com/wp-content/uploads/2022/01/MRBUBBLE_1000x500.jpg]
[neighboranimation.com/wp-content/uploads/2021/10/OPTICALVR_1000x500-500x500.jpg]
[neighboranimation.com/wp-content/uploads/2021/10/PPACVR_1000x500-500x500.jpg]
[neighboranimation.com/wp-content/uploads/2021/10/HonourCafe_1000x500.jpg]
[neighboranimation.com/work/clif-kid-launch/index.html]
[neighboranimation.com/wp-content/uploads/2021/10/DISNEYSTORE_VR_1000x500-500x500.jpg]
[neighboranimation.com/wp-content/uploads/2021/10/NBR_HOLIBEAR_1000x500_00001.jpg]
[neighboranimation.com/wp-content/uploads/2021/10/NBR_THANKS_1000x500_00001-500x500.jpg]
[neighboranimation.com/work/ohio-lottery-holiday-magic/index.html]
[neighboranimation.com/wp-content/uploads/2021/10/HOOVER_1000x500.jpg]
[neighboranimation.com/wp-content/uploads/2021/10/LOCKOUT_COW_1000x500_00001.jpg]
[neighboranimation.com/wp-content/uploads/2021/10/OHLL_POWER_1000x500_00001-500x500.jpg]
[neighboranimation.com/wp-content/uploads/2021/10/NBC_COMMUN_1000x500_00001-500x500.jpg]
[neighboranimation.com/wp-content/uploads/2021/10/NBC_IMAGI_1000x500_00001.jpg]
[neighboranimation.com/work/countrymark-pdx-4/index.html]
[neighboranimation.com/wp-content/uploads/2021/10/KYL_CHEETAH_1000x500_00001-500x500.jpg]
[neighboranimation.com/wp-content/uploads/2021/10/HOMEDEPOT_1000x500_00001-500x500.jpg]
[neighboranimation.com/wp-content/uploads/2021/10/SCION_1000x500_00001.jpg]
[neighboranimation.com/work/village-naturals-collection/index.html]
[neighboranimation.com/wp-content/uploads/2018/06.9/ORCHARD_GRILL_WIDE-500x500.jpg]
[neighboranimation.com/wp-content/uploads/2021/10/DELTADENTAL_1000x500.jpg]
[neighboranimation.com/wp-content/uploads/2021/10/3RIVE3D_1000x500.jpg]
[neighboranimation.com/wp-content/uploads/2021/10/YAHM_K29_1000x500_00001-500x500.jpg]
[neighboranimation.com/wp-content/uploads/2021/10/PPAC_1000x500.jpg]
[neighboranimation.com/work/lutefish-mascot/index.html]
[neighboranimation.com/wp-content/uploads/2018/08/WIDE_TRICHGUARD.jpg]
[neighboranimation.com/wp-content/uploads/2018/07/FINANCIAL_ENGINES_WIDE_1000x500 (00001)-500x500.jpg]
[neighboranimation.com/wp-content/uploads/2018/06.7/Moments_Wide.jpg]
[neighboranimation.com/wp-content/uploads/2018/06.9/OH_THRILL_2_WIDE_1000x500 (00153).jpg]
[neighboranimation.com/work/future-built-campaign/index.html]
[neighboranimation.com/wp-content/uploads/2019/01/WIDE_1000x500-01242.jpg]
[neighboranimation.com/wp-content/uploads/2018/06.5/EVERYTHING_TAKES_OFF_WIDE_1000x500 (00135).jpg]
[neighboranimation.com/wp-content/uploads/2018/06.5/BLUE_ZONES_WIDE_1000x500 (00293)-500x500.jpg]
[neighboranimation.com/work/mr-bubble-3-in-1/index.html]
[neighboranimation.com/wp-content/uploads/2018/06.9/SUPERBOWL_STACK_WIDE.jpg]
[neighboranimation.com/wp-content/uploads/2018/06.5/INTERNET_WIDE_1000x500 (00217)-500x500.jpg]
[neighboranimation.com/wp-content/uploads/2018/06/DREAMIN_WIDE_1000x500 (00001)-500x500.jpg]
[neighboranimation.com/wp-content/uploads/2018/06/TARGET_WIDE_1000x500 (00019).jpg]
[neighboranimation.com/wp-content/uploads/2018/06.7/Android_Tablet_Loop_Wide.jpg]
[neighboranimation.com/work/ohio-lottery-cash-explosion/index.html]
[neighboranimation.com/wp-content/uploads/2018/07/TROLLI_TRADE_WIDE_1000x500 (00090).jpg]
[neighboranimation.com/wp-content/uploads/2018/06.9/MYSTERY_WIDE.jpg]
[neighboranimation.com/wp-content/uploads/2018/05/WIDE_1000x500 (00458)-500x500.jpg]
[neighboranimation.com/wp-content/uploads/2018/07/KEY_WIDE_1000x500 (00001)-500x500.jpg]
[neighboranimation.com/work/mr-bubble/index.html]
[neighboranimation.com/wp-content/uploads/2018/06/POSTIT_WIDE_1000x500 (01006)-500x500.jpg]
[neighboranimation.com/wp-content/uploads/2018/06/WEEKEND_WIDE_1000x500 (00137)-500x500.jpg]
[neighboranimation.com/wp-content/uploads/2018/06/BUGS_WIDE_1000x500 (00572).jpg]
[neighboranimation.com/wp-content/uploads/2018/06.9/Target_Fall_National_Meeting_Wide.jpg]
[neighboranimation.com/wp-content/uploads/2018/06.9/FERRARA_WIDE_1000x500 (01025)-500x500.jpg]
[neighboranimation.com/wp-content/uploads/2018/06.5/HARV_EXTRA_WIDE_1000x500 (00646)-500x500.jpg]
[neighboranimation.com/work/target-optical-vr/index.html]
[neighboranimation.com/wp-content/uploads/2018/06.7/New_Energy_Grid_Wide_02-500x500.jpg]
[neighboranimation.com/wp-content/uploads/2018/06/ZEO_WIDE_1000x500 (00414).jpg]
[neighboranimation.com/work/fmc-precision-pac-vr/index.html]
[neighboranimation.com/wp-content/uploads/2018/06.5/SERIOUSLY_SMART_WIDE_1000x500 (00050)-500x500.jpg]
[neighboranimation.com/wp-content/uploads/2018/06/THE_SMARTESTGIFT_WIDE_1000x500 (00223)-500x500.jpg]
[neighboranimation.com/work/honour-cafe-vr/index.html]
[neighboranimation.com/wp-content/uploads/2018/06/MOLECULES_WIDE_1000x500 (00001).jpg]
[neighboranimation.com/wp-content/uploads/2018/06.9/COLOR_CURRENTS_WIDE_1000x500 (00653)-500x500.jpg]
[neighboranimation.com/work/target-disney-store-vr/index.html]
[neighboranimation.com/wp-content/uploads/2018/06.9/SLAVE_WIDE_1000x500 (00322).jpg]
[neighboranimation.com/wp-content/uploads/2018/06.9/GALAXY_OF_ME_WIDE_1000x500 (00378).jpg]
[neighboranimation.com/wp-content/uploads/2018/06.9/ROOMS_TO_GO_WIDE_1000x500 (00333).jpg]
[neighboranimation.com/work/holiday-bear/index.html]
[neighboranimation.com/wp-content/uploads/2018/06.9/FLU_WIDE_1000x500 (00068).jpg]
[neighboranimation.com/wp-content/uploads/2018/06.7/Levis_Wide.jpg]
[neighboranimation.com/wp-content/uploads/2018/07/HANDSOME_WIDE_1000x500 (00228)-500x500.jpg]
[neighboranimation.com/wp-content/uploads/2018/07/WIDE_1000x500 (00177)-500x500.jpg]
[neighboranimation.com/wp-content/uploads/2018/06/DRIVE_SMARTER_WIDE_1000x500 (00120).jpg]
[neighboranimation.com/work/thanksgiving/index.html]
[neighboranimation.com/wp-content/uploads/2018/06.5/SMALL_PART_OF_YOUR_WIDE_1000x500 (00769)-500x500.jpg]
[neighboranimation.com/wp-content/uploads/2018/06.5/GIG_WIDE_1000x500 (00748)-500x500.jpg]
[neighboranimation.com/wp-content/uploads/2018/06/LAIKA_WIDE_1000x500 (02058)-500x500.jpg]
[neighboranimation.com/work/hoover-institution/index.html]
[neighboranimation.com/wp-content/uploads/2018/06/LETSALLGO_WIDE_1000x500 (00001).jpg]
[neighboranimation.com/wp-content/themes/salient/css/build/style-non-critical7c47.css]
[neighboranimation.com/wp-content/themes/salient/css/build/plugins/magnificdb31.css]
[neighboranimation.com/wp-content/themes/salient/css/build/off-canvas/core7c47.css]
[neighboranimation.com/wp-content/themes/salient/css/build/off-canvas/fullscreen-legacy7c47.css]
[neighboranimation.com/work/boehringer-ingelheim-cattle-first/index.html]
[neighboranimation.com/wp-content/cache/minify/cc1d2.js]
[neighboranimation.com/wp-content/cache/minify/93721.js]
[neighboranimation.com/index.html]
[neighboranimation.com/wp-content/cache/minify/8f3f6.js]
[neighboranimation.com/wp-content/cache/minify/a5ff7.css]
[neighboranimation.com/work/ohio-lottery-powerball/index.html]
[neighboranimation.com/work/national-bank-community/index.html]
[neighboranimation.com/work/national-bank-spark-campaign/index.html]
[neighboranimation.com/work/kentucky-lottery-cheetah/index.html]
[neighboranimation.com/work/the-home-depot/index.html]
[neighboranimation.com/wp-content/plugins/salient-portfolio/img/transparent.png]
[neighboranimation.com/work/fmc-scion/index.html]
[neighboranimation.com/wp-content/themes/salient/css/fonts/fontawesome-webfont3ea6.eot]
[neighboranimation.com/work/orchard-supply-hardware/index.html]
[neighboranimation.com/wp-content/themes/salient/css/fonts/fontawesome-webfontd41d.eot]
[neighboranimation.com/wp-content/themes/salient/css/fonts/fontawesome-webfont.svg]
[neighboranimation.com/work/delta-dental/index.html]
[neighboranimation.com/wp-content/themes/salient/css/fonts/fontawesome-webfont3ea6.woff]
[neighboranimation.com/wp-content/themes/salient/css/fonts/fontawesome-webfont3ea6.ttf]
[neighboranimation.com/wp-content/themes/salient/img/icons/loading-white-bg.gif]
[neighboranimation.com/wp-content/themes/salient/img/icons/quote.png]
[neighboranimation.com/wp-content/themes/salient/img/icons/link.png]
[neighboranimation.com/wp-content/themes/salient/img/icons/status.png]
[neighboranimation.com/work/fmc-3rive-3d/index.html]
[neighboranimation.com/wp-content/themes/salient/img/icons/quote-2x.png]
[neighboranimation.com/wp-content/themes/salient/img/icons/link-2x.png]
[neighboranimation.com/wp-content/themes/salient/img/icons/portfolio-arrows.png]
[neighboranimation.com/work/yamaha/index.html]
[neighboranimation.com/wp-content/themes/salient/img/icons/portfolio-arrows-2x.png]
[neighboranimation.com/wp-content/themes/salient/img/icons/comment-children-line.jpg]
[neighboranimation.com/wp-content/themes/salient/css/fonts/icomoon3cc5.eot]
[neighboranimation.com/wp-content/themes/salient/css/fonts/icomoond41d.eot]
[neighboranimation.com/work/fmc-precision-pac/index.html]
[neighboranimation.com/wp-content/themes/salient/css/fonts/icomoon3cc5.woff]
[neighboranimation.com/wp-content/themes/salient/css/fonts/icomoon3cc5.ttf]
[neighboranimation.com/wp-content/cache/minify/91213.css]
[neighboranimation.com/wp-content/cache/minify/3eed5.css]
[neighboranimation.com/wp-content/themes/salient/css/fonts/icomoon.svg]
[neighboranimation.com/wp-content/cache/minify/6f9ca.css]
[neighboranimation.com/work/boehringer-ingelheim-trichguard/index.html]
[neighboranimation.com/wp-content/cache/minify/c4d91.js]
[neighboranimation.com/work/financial-engines/index.html]
[neighboranimation.com/work/cummins/index.html]
[neighboranimation.com/wp-content/cache/minify/818c0.js]
[neighboranimation.com/work/basf-apple-corps/index.html]
[neighboranimation.com/work/ohio-lottery-oh-bot/index.html]
[neighboranimation.com/work/cleveland-hopkins-international-airport/index.html]
[neighboranimation.com/work/wellmark/index.html]
[neighboranimation.com/work/target-superbowl/index.html]
[neighboranimation.com/work/cox-communications-the-internet-you-always-wanted/index.html]
[neighboranimation.com/work/kentucky-lottery-dreamin/index.html]
[neighboranimation.com/work/target-holiday-in-store/index.html]
[use.typekit.net/af/e243cc/00000000000000003b9aefe5/27/l6129]
[neighboranimation.com/work/best-buy-android-tablet-loop/index.html]
[neighboranimation.com/work/trolli/index.html]
[use.typekit.net/af/e243cc/00000000000000003b9aefe5/27/d6129]
[use.typekit.net/af/e243cc/00000000000000003b9aefe5/27/a6129]
[use.typekit.net/af/7f382d/00000000000000003b9aefbc/27/l3eab]
[use.typekit.net/af/7f382d/00000000000000003b9aefbc/27/d3eab]
[neighboranimation.com/work/minnesota-department-of-human-services/index.html]
[use.typekit.net/af/7f382d/00000000000000003b9aefbc/27/a3eab]
[use.typekit.net/af/357d3c/00000000000000000001743c/27/le196]
[neighboranimation.com/work/kentucky-lottery-5-card-cash/index.html]
[use.typekit.net/af/357d3c/00000000000000000001743c/27/de196]
[neighboranimation.com/work/key-bank/index.html]
[neighboranimation.com/work/post-it-notes/index.html]
[use.typekit.net/af/357d3c/00000000000000000001743c/27/ae196]
[use.typekit.net/af/279af5/00000000000000000001743f/27/l652f]
[neighboranimation.com/work/bleacher-report-its-the-weekend/index.html]
[neighboranimation.com/work/ted-ed-should-we-eat-bugs/index.html]
[neighboranimation.com/work/target-national-fall-meeting/index.html]
[use.typekit.net/af/279af5/00000000000000000001743f/27/d652f]
[use.typekit.net/af/279af5/00000000000000000001743f/27/a652f]
[use.typekit.net/af/5beeef/00000000000000003b9af203/27/le196]
[neighboranimation.com/work/ferrara/index.html]
[use.typekit.net/af/5beeef/00000000000000003b9af203/27/de196]
[use.typekit.net/af/5beeef/00000000000000003b9af203/27/ae196]
[neighboranimation.com/work/harvxtra/index.html]
[use.typekit.net/af/bd143b/00000000000000003b9af20a/27/l652f]
[use.typekit.net/af/bd143b/00000000000000003b9af20a/27/d652f]
[use.typekit.net/xyc6tya.css]
[use.typekit.net/af/bd143b/00000000000000003b9af20a/27/a652f]
[neighboranimation.com/work/xcel-energy/index.html]
[neighboranimation.com/wp-content/uploads/2025/04/TEAM8TES_3.jpg]
[neighboranimation.com/work/tcf-bank/index.html]
[neighboranimation.com/work/basf-seriously-smart/index.html]
[neighboranimation.com/wp-content/cache/minify/5073a.css]
[neighboranimation.com/wp-content/cache/minify/04501.css]
[neighboranimation.com/work/bissell/index.html]
[neighboranimation.com/work/ted-ed-if-molecules-were-people/index.html]
[neighboranimation.com/wp-content/cache/minify/e65d1.css]
[neighboranimation.com/work/behr/index.html]
[neighboranimation.com/work/ted-ed-atlantic-slave-trade/index.html]
[neighboranimation.com/wp-json/oembed/1.0/embedad64.json]
[neighboranimation.com/work/galaxy-of-me/index.html]
[neighboranimation.com/work/rooms-to-go/index.html]
[neighboranimation.com/work/target-flu-shot/index.html]
[neighboranimation.com/wp-json/oembed/1.0/embed8ecd]
[neighboranimation.com/work/levis-revel/index.html]
[neighboranimation.com/work/handsome-cycles/index.html]
[neighboranimation.com/work/kentucky-lottery-points-for-prizes/index.html]
[neighboranimation.com/wp-content/uploads/2018/05/NEIGHBOR_Logo_Web-e1560888452732.png]
[neighboranimation.com/work/garmin-for-best-buy-drive-smarter-arrive-faster/index.html]
[neighboranimation.com/wp-content/uploads/2025/04/TEAM8TES_1.jpg]
[neighboranimation.com/wp-content/uploads/2025/04/TEAM8TES_2.jpg]
[neighboranimation.com/work/microgigantic/index.html]
[neighboranimation.com/wp-content/uploads/2025/04/TEAM8TES_4.jpg]
[neighboranimation.com/wp-content/uploads/2025/04/TEAM8TES_5.jpg]
[neighboranimation.com/wp-content/uploads/2018/07/KEY_WIDE_1000x500 (00001).jpg]
[neighboranimation.com/work/cox-communications-gigablast-in-store/index.html]
[neighboranimation.com/work/motionpoems-triolet-for-laika/index.html]
[neighboranimation.com/wp-content/uploads/2018/06.5/INTERNET_WIDE_1000x500 (00217).jpg]
[neighboranimation.com/wp-content/uploads/2018/07/WIDE_1000x500 (00177).jpg]
[neighboranimation.com/wp-content/cache/minify/08dcf.css]
[neighboranimation.com/work/team-m8tes/index.html]
[neighboranimation.com/wp-content/cache/minify/b7233.js]
[neighboranimation.com/work/bleacher-report-lets-all-go-to-the-arena/index.html]
[neighboranimation.com/wp-json/oembed/1.0/embed1645.json]
[neighboranimation.com/wp-json/oembed/1.0/embed88ef]
[neighboranimation.com/wp-content/uploads/2025/04/CLIFKID_1.jpg]
[neighboranimation.com/wp-content/uploads/2025/04/CLIFKID_2.jpg]
[neighboranimation.com/wp-content/uploads/2025/04/CLIFKID_3.jpg]
[neighboranimation.com/wp-content/uploads/2025/04/CLIFKID_4.jpg]
[neighboranimation.com/wp-content/uploads/2025/04/CLIFKID_5.jpg]
[neighboranimation.com/wp-content/uploads/2023/11/OHL_HolidayMagic_1000x500.jpg]
[neighboranimation.com/work/clif-kid-launch/index.html]
[neighboranimation.com/wp-json/oembed/1.0/embed1f32.json]
[neighboranimation.com/wp-json/oembed/1.0/embedb31e]
[neighboranimation.com/wp-content/uploads/2023/11/OHL_HolidayMagic_1.jpg]
[neighboranimation.com/wp-content/uploads/2023/11/OHL_HolidayMagic_2.jpg]
[neighboranimation.com/wp-content/uploads/2023/11/OHL_HolidayMagic_3.jpg]
[neighboranimation.com/wp-content/uploads/2023/11/OHL_HolidayMagic_4.jpg]
[neighboranimation.com/wp-content/uploads/2023/11/OHL_HolidayMagic_5.jpg]
[neighboranimation.com/work/ohio-lottery-holiday-magic/index.html]
[neighboranimation.com/wp-json/oembed/1.0/embed8fbf.json]
[neighboranimation.com/wp-json/oembed/1.0/embed4476]
[neighboranimation.com/wp-content/uploads/2025/04/COUNTRYMARK_1.jpg]
[neighboranimation.com/wp-content/uploads/2025/04/COUNTRYMARK_2.jpg]
[neighboranimation.com/wp-content/uploads/2025/04/COUNTRYMARK_3.jpg]
[neighboranimation.com/wp-content/uploads/2025/04/COUNTRYMARK_4.jpg]
[neighboranimation.com/wp-content/uploads/2025/04/COUNTRYMARK_5.jpg]
[neighboranimation.com/work/countrymark-pdx-4/index.html]
[neighboranimation.com/wp-json/oembed/1.0/embed4b30.json]
[neighboranimation.com/wp-json/oembed/1.0/embed9c98]
[neighboranimation.com/wp-content/uploads/2025/04/VillageNaturals_1.jpg]
[neighboranimation.com/wp-content/uploads/2025/04/VillageNaturals_2.jpg]
[neighboranimation.com/wp-content/uploads/2025/04/VillageNaturals_3.jpg]
[neighboranimation.com/wp-content/uploads/2025/04/VillageNaturals_4.jpg]
[neighboranimation.com/wp-content/uploads/2025/04/VillageNaturals_5.jpg]
[neighboranimation.com/wp-content/uploads/2025/04/LUTEFISH_1000x500_.jpg]
[neighboranimation.com/work/village-naturals-collection/index.html]
[neighboranimation.com/wp-json/oembed/1.0/embed96f7.json]
[neighboranimation.com/wp-json/oembed/1.0/embed14d6]
[neighboranimation.com/wp-content/uploads/2025/04/LUTEFISH_1.jpg]
[neighboranimation.com/wp-content/uploads/2025/04/LUTEFISH_2.jpg]
[neighboranimation.com/wp-content/uploads/2025/04/LUTEFISH_3.jpg]
[neighboranimation.com/wp-content/uploads/2025/04/LUTEFISH_4.jpg]
[neighboranimation.com/wp-content/uploads/2025/04/LUTEFISH_5.jpg]
[neighboranimation.com/wp-content/uploads/2023/11/Futurebuilt_1000x500.jpg]
[neighboranimation.com/work/lutefish-mascot/index.html]
[neighboranimation.com/wp-json/oembed/1.0/embeda915.json]
[neighboranimation.com/wp-json/oembed/1.0/embed70a3]
[neighboranimation.com/wp-content/uploads/2023/11/Futurebuilt_1.jpg]
[neighboranimation.com/wp-content/uploads/2023/11/Futurebuilt_2.jpg]
[neighboranimation.com/wp-content/uploads/2023/11/Futurebuilt_3.jpg]
[neighboranimation.com/wp-content/uploads/2023/11/Futurebuilt_4.jpg]
[neighboranimation.com/work/future-built-campaign/index.html]
[neighboranimation.com/wp-content/uploads/2023/11/Futurebuilt_5.jpg]
[neighboranimation.com/wp-json/oembed/1.0/embed2e7b.json]
[neighboranimation.com/wp-json/oembed/1.0/embed22a1]
[neighboranimation.com/wp-content/uploads/2023/11/MrBubble3in1_1.jpg]
[neighboranimation.com/wp-content/uploads/2023/11/MrBubble3in1_2.jpg]
[neighboranimation.com/wp-content/uploads/2023/11/MrBubble3in1_3.jpg]
[neighboranimation.com/wp-content/uploads/2023/11/MrBubble3in1_4.jpg]
[neighboranimation.com/wp-content/uploads/2023/11/MrBubble3in1_5.jpg]
[neighboranimation.com/work/mr-bubble-3-in-1/index.html]
[neighboranimation.com/wp-json/oembed/1.0/embedca6f.json]
[neighboranimation.com/wp-json/oembed/1.0/embed2de9]
[neighboranimation.com/wp-content/uploads/2022/05/OHL_CSHX_1.jpg]
[neighboranimation.com/wp-content/uploads/2022/05/OHL_CSHX_2.jpg]
[neighboranimation.com/wp-content/uploads/2022/05/OHL_CSHX_3.jpg]
[neighboranimation.com/wp-content/uploads/2022/05/OHL_CSHX_4.jpg]
[neighboranimation.com/wp-content/uploads/2022/05/OHL_CSHX_5.jpg]
[neighboranimation.com/work/ohio-lottery-cash-explosion/index.html]
[neighboranimation.com/wp-json/oembed/1.0/embed08f7.json]
[neighboranimation.com/wp-json/oembed/1.0/embedcf65]
[neighboranimation.com/wp-content/uploads/2022/01/MRBUBBLE_4.jpg]
[neighboranimation.com/wp-content/uploads/2022/01/MRBUBBLE_5.jpg]
[neighboranimation.com/wp-content/uploads/2022/01/MRBUBBLE_1.jpg]
[neighboranimation.com/wp-content/uploads/2022/01/MRBUBBLE_2.jpg]
[neighboranimation.com/wp-content/uploads/2022/01/MRBUBBLE_3.jpg]
[neighboranimation.com/wp-content/uploads/2021/10/OPTICALVR_1000x500.jpg]
[neighboranimation.com/work/mr-bubble/index.html]
[neighboranimation.com/wp-json/oembed/1.0/embed4abc.json]
[neighboranimation.com/wp-json/oembed/1.0/embed7bc2]
[neighboranimation.com/wp-content/uploads/2022/01/VR_OPTICAL_1.jpg]
[neighboranimation.com/wp-content/uploads/2022/01/VR_OPTICAL_2.jpg]
[neighboranimation.com/wp-content/uploads/2022/01/VR_OPTICAL_3.jpg]
[neighboranimation.com/wp-content/uploads/2021/10/PPACVR_1000x500.jpg]
[neighboranimation.com/wp-content/uploads/2021/10/DISNEYSTORE_VR_1000x500.jpg]
[neighboranimation.com/work/target-optical-vr/index.html]
[neighboranimation.com/wp-json/oembed/1.0/embed155a.json]
[neighboranimation.com/wp-json/oembed/1.0/embed4f3a]
[neighboranimation.com/wp-content/uploads/2022/01/PPACVR_1.jpg]
[neighboranimation.com/wp-content/uploads/2022/01/PPACVR_2.jpg]
[neighboranimation.com/wp-content/uploads/2022/01/PPACVR_3.jpg]
[neighboranimation.com/work/fmc-precision-pac-vr/index.html]
[neighboranimation.com/wp-json/oembed/1.0/embedd312.json]
[neighboranimation.com/wp-json/oembed/1.0/embeda651]
[neighboranimation.com/wp-content/uploads/2022/01/VR_HONOUR_1.jpg]
[neighboranimation.com/wp-content/uploads/2022/01/VR_HONOUR_2.jpg]
[neighboranimation.com/wp-content/uploads/2022/01/VR_HONOUR_3.jpg]
[neighboranimation.com/wp-content/uploads/2022/01/VR_HONOUR_4.jpg]
[neighboranimation.com/work/honour-cafe-vr/index.html]
[neighboranimation.com/wp-content/uploads/2022/01/VR_HONOUR_5.jpg]
[neighboranimation.com/wp-json/oembed/1.0/embed6e38.json]
[neighboranimation.com/wp-json/oembed/1.0/embedaaf6]
[neighboranimation.com/wp-content/uploads/2021/12/VR_DIS_1.jpg]
[neighboranimation.com/wp-content/uploads/2021/12/VR_DIS_2.jpg]
[neighboranimation.com/wp-content/uploads/2021/12/VR_DIS_3.jpg]
[neighboranimation.com/wp-content/uploads/2021/12/VR_DIS_4.jpg]
[neighboranimation.com/wp-content/uploads/2021/12/VR_DIS_5.jpg]
[neighboranimation.com/work/target-disney-store-vr/index.html]
[neighboranimation.com/wp-json/oembed/1.0/embed7e6a.json]
[neighboranimation.com/wp-json/oembed/1.0/embed50ba]
[neighboranimation.com/wp-content/uploads/2021/12/HOLIDAY_BEAR_1.jpg]
[neighboranimation.com/wp-content/uploads/2021/12/HOLIDAY_BEAR_2.jpg]
[neighboranimation.com/wp-content/uploads/2021/12/HOLIDAY_BEAR_3.jpg]
[neighboranimation.com/wp-content/uploads/2021/12/HOLIDAY_BEAR_4.jpg]
[neighboranimation.com/wp-content/uploads/2021/12/HOLIDAY_BEAR_5.jpg]
[neighboranimation.com/wp-content/uploads/2021/10/NBR_THANKS_1000x500_00001.jpg]
[neighboranimation.com/work/holiday-bear/index.html]
[neighboranimation.com/wp-json/oembed/1.0/embed213d.json]
[neighboranimation.com/wp-json/oembed/1.0/embedce07]
[neighboranimation.com/wp-content/uploads/2021/12/TURKEY_1.jpg]
[neighboranimation.com/wp-content/uploads/2021/12/TURKEY_2.jpg]
[neighboranimation.com/wp-content/uploads/2021/12/TURKEY_3.jpg]
[neighboranimation.com/work/thanksgiving/index.html]
[neighboranimation.com/wp-json/oembed/1.0/embed4199.json]
[neighboranimation.com/wp-json/oembed/1.0/embed1485]
[neighboranimation.com/wp-content/uploads/2022/01/HOOVER_1.jpg]
[neighboranimation.com/wp-content/uploads/2022/01/HOOVER_2.jpg]
[neighboranimation.com/wp-content/uploads/2022/01/HOOVER_3.jpg]
[neighboranimation.com/wp-content/uploads/2022/01/HOOVER_4.jpg]
[neighboranimation.com/wp-content/uploads/2022/01/HOOVER_5.jpg]
[neighboranimation.com/wp-content/uploads/2021/10/KYL_CHEETAH_1000x500_00001.jpg]
[neighboranimation.com/wp-content/uploads/2018/06.7/Starkey_Wide-e1548089008594.jpg]
[neighboranimation.com/wp-content/uploads/2019/01/STUDIO_LUMA_WIDE_1000x500-00365-300x150.jpg]
[neighboranimation.com/wp-content/uploads/2018/06.5/GIG_WIDE_1000x500 (00748).jpg]
[neighboranimation.com/wp-content/uploads/2018/06/DREAMIN_WIDE_1000x500 (00001).jpg]
[neighboranimation.com/wp-content/uploads/2018/05/WIDE_1000x500 (00458).jpg]
[neighboranimation.com/wp-content/uploads/2018/06.9/ORCHARD_GRILL_WIDE.jpg]
[neighboranimation.com/wp-content/uploads/2021/12/CONSER_5.jpg]
[neighboranimation.com/work/hoover-institution/index.html]
[neighboranimation.com/work/starkey/index.html]
[neighboranimation.com/wp-json/oembed/1.0/embed6c19.json]
[neighboranimation.com/work/cambio-education/index.html]
[neighboranimation.com/work/conservis/index.html]
[neighboranimation.com/wp-json/oembed/1.0/embed4613]
[neighboranimation.com/wp-content/uploads/2021/12/COW_1.jpg]
[neighboranimation.com/wp-content/uploads/2021/12/COW_2.jpg]
[neighboranimation.com/wp-content/uploads/2021/12/COW_3.jpg]
[neighboranimation.com/wp-content/uploads/2021/12/COW_4.jpg]
[neighboranimation.com/wp-content/uploads/2021/12/COW_5.jpg]
[neighboranimation.com/wp-content/uploads/2021/10/OHLL_POWER_1000x500_00001.jpg]
[neighboranimation.com/work/boehringer-ingelheim-cattle-first/index.html]
[neighboranimation.com/wp-json/oembed/1.0/embedfc84.json]
[neighboranimation.com/wp-json/oembed/1.0/embed17a0]
[neighboranimation.com/wp-content/uploads/2021/12/POWERBALL_1.jpg]
[neighboranimation.com/wp-content/uploads/2021/12/POWERBALL_2.jpg]
[neighboranimation.com/wp-content/uploads/2021/12/POWERBALL_3.jpg]
[neighboranimation.com/wp-content/uploads/2021/10/NBC_COMMUN_1000x500_00001.jpg]
[neighboranimation.com/work/ohio-lottery-powerball/index.html]
[neighboranimation.com/wp-json/oembed/1.0/embed98a6.json]
[neighboranimation.com/wp-json/oembed/1.0/embed6f4f]
[neighboranimation.com/wp-content/uploads/2021/12/COMM_1-scaled.jpg]
[neighboranimation.com/wp-content/uploads/2021/12/COMM_2-scaled.jpg]
[neighboranimation.com/wp-content/uploads/2021/12/COMM_3-scaled.jpg]
[neighboranimation.com/work/national-bank-community/index.html]
[neighboranimation.com/wp-json/oembed/1.0/embed91bf.json]
[neighboranimation.com/wp-json/oembed/1.0/embed79fb]
[neighboranimation.com/wp-content/uploads/2022/01/NBC_GRID_2_BRIGHT.jpg]
[neighboranimation.com/wp-content/uploads/2022/01/NBC_GRID_1_PROMO.jpg]
[neighboranimation.com/wp-content/uploads/2022/01/NBC_GRID_4_HOUSE.jpg]
[neighboranimation.com/wp-content/uploads/2022/01/NBC_GRID_3_BIZ.jpg]
[neighboranimation.com/wp-content/uploads/2022/01/NBC_GRID_5_IMAGI.jpg]
[neighboranimation.com/wp-content/uploads/2022/01/NBC_3.jpg]
[neighboranimation.com/wp-content/uploads/2022/01/NBC_1.jpg]
[neighboranimation.com/wp-content/uploads/2022/01/NBC_2.jpg]
[neighboranimation.com/work/national-bank-spark-campaign/index.html]
[neighboranimation.com/wp-json/oembed/1.0/embed9690.json]
[neighboranimation.com/wp-json/oembed/1.0/embed538c]
[neighboranimation.com/wp-content/uploads/2022/04/CHEETAH_1.jpg]
[neighboranimation.com/wp-content/uploads/2022/04/CHEETAH_2.jpg]
[neighboranimation.com/wp-content/uploads/2022/04/CHEETAH_3.jpg]
[neighboranimation.com/wp-content/uploads/2022/04/CHEETAH_4.jpg]
[neighboranimation.com/wp-content/uploads/2022/04/CHEETAH_5.jpg]
[neighboranimation.com/work/kentucky-lottery-cheetah/index.html]
[neighboranimation.com/wp-content/uploads/2021/10/HOMEDEPOT_1000x500_00001.jpg]
[neighboranimation.com/wp-json/oembed/1.0/embeddc84.json]
[neighboranimation.com/wp-json/oembed/1.0/embed9b1c]
[neighboranimation.com/wp-content/uploads/2021/12/DEPOT_1.jpg]
[neighboranimation.com/wp-content/uploads/2021/12/DEPOT_2.jpg]
[neighboranimation.com/wp-content/uploads/2021/12/DEPOT_3.jpg]
[neighboranimation.com/wp-content/uploads/2021/12/DEPOT_4.jpg]
[neighboranimation.com/work/the-home-depot/index.html]
[neighboranimation.com/wp-content/uploads/2021/12/DEPOT_5.jpg]
[neighboranimation.com/wp-json/oembed/1.0/embed28b2.json]
[neighboranimation.com/wp-json/oembed/1.0/embed782c]
[neighboranimation.com/wp-content/uploads/2021/12/SCION_1.jpg]
[neighboranimation.com/wp-content/uploads/2021/12/SCION_2.jpg]
[neighboranimation.com/wp-content/uploads/2021/12/SCION_3.jpg]
[neighboranimation.com/work/fmc-scion/index.html]
[neighboranimation.com/wp-json/oembed/1.0/embed0b16.json]
[neighboranimation.com/wp-json/oembed/1.0/embed9ea2]
[neighboranimation.com/wp-content/uploads/2019/01/ORCHARD_GRILL_WIDE-300x150.jpg]
[neighboranimation.com/wp-content/uploads/2019/01/ORCHARD_LIGHT_LOVE_WIDE_1000x500-00244-300x150.jpg]
[neighboranimation.com/wp-content/uploads/2019/01/ORCHARD_HOSE_WIDE_1000x500-00023-300x150.jpg]
[neighboranimation.com/wp-content/uploads/2021/12/ORCHARD_1.jpg]
[neighboranimation.com/wp-content/uploads/2021/12/ORCHARD_2.jpg]
[neighboranimation.com/wp-content/uploads/2021/12/ORCHARD_3.jpg]
[neighboranimation.com/work/orchard-supply-hardware/index.html]
[neighboranimation.com/wp-json/oembed/1.0/embeda82c.json]
[neighboranimation.com/wp-json/oembed/1.0/embed69f4]
[neighboranimation.com/wp-content/uploads/2021/12/DENTAL_1.jpg]
[neighboranimation.com/wp-content/uploads/2021/12/DENTAL_2.jpg]
[neighboranimation.com/wp-content/uploads/2021/12/DENTAL_3.jpg]
[neighboranimation.com/wp-content/uploads/2021/12/DENTAL_4.jpg]
[neighboranimation.com/wp-content/uploads/2021/12/DENTAL_5.jpg]
[neighboranimation.com/work/delta-dental/index.html]
[neighboranimation.com/wp-json/oembed/1.0/embed5983.json]
[neighboranimation.com/wp-json/oembed/1.0/embed63ee]
[neighboranimation.com/wp-content/uploads/2021/12/THRIVE3D_1.jpg]
[neighboranimation.com/wp-content/uploads/2021/12/THRIVE3D_2.jpg]
[neighboranimation.com/wp-content/uploads/2021/12/THRIVE3D_3.jpg]
[neighboranimation.com/wp-content/uploads/2021/12/THRIVE3D_4.jpg]
[neighboranimation.com/wp-content/uploads/2021/12/THRIVE3D_5.jpg]
[neighboranimation.com/wp-content/uploads/2021/10/YAHM_K29_1000x500_00001.jpg]
[neighboranimation.com/work/fmc-3rive-3d/index.html]
[neighboranimation.com/wp-json/oembed/1.0/embed2508.json]
[neighboranimation.com/wp-json/oembed/1.0/embed1860]
[neighboranimation.com/wp-content/uploads/2021/12/K29_1.jpg]
[neighboranimation.com/wp-content/uploads/2021/12/K29_2.jpg]
[neighboranimation.com/wp-content/uploads/2021/12/K29_3.jpg]
[neighboranimation.com/work/yamaha/index.html]
[neighboranimation.com/wp-json/oembed/1.0/embedb63b.json]
[neighboranimation.com/wp-json/oembed/1.0/embed9ca7]
[neighboranimation.com/wp-content/uploads/2021/12/PPAC_1.jpg]
[neighboranimation.com/wp-content/uploads/2021/12/PPAC_2.jpg]
[neighboranimation.com/wp-content/uploads/2021/12/PPAC_3.jpg]
[neighboranimation.com/work/fmc-precision-pac/index.html]
[neighboranimation.com/wp-json/oembed/1.0/embed6804.json]
[neighboranimation.com/wp-json/oembed/1.0/embedd338]
[neighboranimation.com/wp-content/uploads/2021/12/CARD_1.jpg]
[neighboranimation.com/wp-content/uploads/2021/12/CARD_2.jpg]
[neighboranimation.com/wp-content/uploads/2021/12/CARD_3.jpg]
[neighboranimation.com/wp-content/uploads/2021/12/CARD_4.jpg]
[neighboranimation.com/wp-content/uploads/2021/12/CARD_5.jpg]
[neighboranimation.com/work/boehringer-ingelheim-trichguard/index.html]
[neighboranimation.com/wp-content/uploads/2018/07/FINANCIAL_ENGINES_WIDE_1000x500 (00001).jpg]
[neighboranimation.com/wp-json/oembed/1.0/embedce4b.json]
[neighboranimation.com/wp-json/oembed/1.0/embed0a4b]
[neighboranimation.com/wp-content/uploads/2021/12/FINAEN_1.jpg]
[neighboranimation.com/wp-content/uploads/2021/12/FINAEN_2.jpg]
[neighboranimation.com/wp-content/uploads/2021/12/FINAEN_3.jpg]
[neighboranimation.com/wp-content/uploads/2018/06.5/SMALL_PART_OF_YOUR_WIDE_1000x500 (00769).jpg]
[neighboranimation.com/wp-content/uploads/2018/06/POSTIT_WIDE_1000x500 (01006).jpg]
[neighboranimation.com/wp-content/uploads/2018/06.5/SERIOUSLY_SMART_WIDE_1000x500 (00050).jpg]
[neighboranimation.com/wp-content/uploads/2018/06.5/HARV_EXTRA_WIDE_1000x500 (00646).jpg]
[neighboranimation.com/wp-content/uploads/2018/06/XCEL_ENERGY_WIDE_1000x500 (01151).jpg]
[neighboranimation.com/work/financial-engines/index.html]
[neighboranimation.com/wp-json/oembed/1.0/embed24e7.json]
[neighboranimation.com/wp-json/oembed/1.0/embed9caa]
[neighboranimation.com/wp-content/uploads/2021/10/CUMMINS_1.jpg]
[neighboranimation.com/wp-content/uploads/2021/10/CUMMINS_2.jpg]
[neighboranimation.com/wp-content/uploads/2021/10/CUMMINS_3.jpg]
[neighboranimation.com/wp-content/uploads/2021/10/CUMMINS_4.jpg]
[neighboranimation.com/wp-content/uploads/2021/10/CUMMINS_5.jpg]
[neighboranimation.com/work/cummins/index.html]
[neighboranimation.com/wp-json/oembed/1.0/embed4487.json]
[neighboranimation.com/wp-json/oembed/1.0/embed537f]
[neighboranimation.com/wp-content/uploads/2019/01/OH_THRILL_WIDE_1000x500-00941-300x150.jpg]
[neighboranimation.com/wp-content/uploads/2021/12/OBOT_LOVE_THUMB.jpg]
[neighboranimation.com/wp-content/uploads/2019/01/OH_PICK_5_WIDE_1000x500-00380-300x150.jpg]
[neighboranimation.com/wp-content/uploads/2021/12/OBOT_1.jpg]
[neighboranimation.com/wp-content/uploads/2021/12/OBOT_2.jpg]
[neighboranimation.com/wp-content/uploads/2021/12/OBOT_3.jpg]
[neighboranimation.com/work/ohio-lottery-oh-bot/index.html]
[neighboranimation.com/wp-json/oembed/1.0/embed3bf3.json]
[neighboranimation.com/wp-json/oembed/1.0/embeda186]
[neighboranimation.com/wp-content/uploads/2021/12/CORPS_1.jpg]
[neighboranimation.com/wp-content/uploads/2021/12/CORPS_2.jpg]
[neighboranimation.com/wp-content/uploads/2021/12/CORPS_3.jpg]
[neighboranimation.com/wp-content/uploads/2021/12/CORPS_4.jpg]
[neighboranimation.com/wp-content/uploads/2021/12/CORPS_5.jpg]
[neighboranimation.com/wp-content/uploads/2019/01/EVERYTHING_TAKES_OFF_WIDE_1000x500-00135-300x150.jpg]
[neighboranimation.com/wp-content/uploads/2019/01/MOLECULES_WIDE_1000x500-00001-300x150.jpg]
[neighboranimation.com/wp-content/uploads/2019/01/INTERNET_WIDE_1000x500-00217-300x150.jpg]
[neighboranimation.com/wp-content/uploads/2019/01/KEY_WIDE_1000x500-00001-300x150.jpg]
[neighboranimation.com/wp-content/uploads/2019/01/Moments_Wide-300x150.jpg]
[neighboranimation.com/wp-content/uploads/2019/01/OH_THRILL_2_WIDE_1000x500-00153-300x150.jpg]
[neighboranimation.com/wp-content/uploads/2019/01/TROLLI_TRADE_WIDE_1000x500-00090-300x150.jpg]
[neighboranimation.com/wp-content/uploads/2019/01/SUPERBOWL_STACK_WIDE-300x150.jpg]
[neighboranimation.com/work/basf-apple-corps/index.html]
[neighboranimation.com/wp-json/oembed/1.0/embed62cb.json]
[neighboranimation.com/wp-json/oembed/1.0/embedf2dc]
[neighboranimation.com/wp-content/uploads/2018/06.7/PHOENIX_WIDE_1000x500 (00122).jpg]
[neighboranimation.com/wp-content/uploads/2018/06.7/MONTAGE_WIDE_1000x500 (00224).jpg]
[neighboranimation.com/wp-content/uploads/2021/12/CLE_3.jpg]
[neighboranimation.com/wp-content/uploads/2021/12/CLE_1.jpg]
[neighboranimation.com/wp-content/uploads/2021/12/CLE_2.jpg]
[neighboranimation.com/work/cleveland-hopkins-international-airport/index.html]
[neighboranimation.com/wp-content/uploads/2018/06.5/BLUE_ZONES_WIDE_1000x500 (00293).jpg]
[neighboranimation.com/wp-json/oembed/1.0/embedaef5.json]
[neighboranimation.com/wp-json/oembed/1.0/embed4cad]
[neighboranimation.com/wp-content/uploads/2019/01/BLUE_ZONES_WIDE_1000x500-00293-300x150.jpg]
[neighboranimation.com/wp-content/uploads/2019/01/BLUE_ZONES_MOVE_WIDE_1000x500-00153-300x150.jpg]
[neighboranimation.com/wp-content/uploads/2019/01/BLUE_ZONES_ADDITIONAL_WIDE_1000x500-00262-300x150.jpg]
[neighboranimation.com/wp-content/uploads/2021/12/ZONES_3.jpg]
[neighboranimation.com/wp-content/uploads/2021/12/ZONES_1.jpg]
[neighboranimation.com/wp-content/uploads/2021/12/ZONES_2.jpg]
[neighboranimation.com/wp-content/uploads/2018/06/THE_SMARTESTGIFT_WIDE_1000x500 (00223).jpg]
[neighboranimation.com/wp-content/uploads/2018/06/WEEKEND_WIDE_1000x500 (00137).jpg]
[neighboranimation.com/work/wellmark/index.html]
[neighboranimation.com/wp-content/uploads/2018/06/LAIKA_WIDE_1000x500 (02058).jpg]
[neighboranimation.com/wp-json/oembed/1.0/embeda59e.json]
[neighboranimation.com/wp-json/oembed/1.0/embed7d77]
[neighboranimation.com/wp-content/uploads/2019/01/BEERWINE_WIDE_1000x500-00255-300x150.jpg]
[neighboranimation.com/wp-content/uploads/2019/01/SUPER_EXPERIENCE_WIDE_1000x500-00178-300x150.jpg]
[neighboranimation.com/wp-content/uploads/2021/12/TGTSB_1.jpg]
[neighboranimation.com/wp-content/uploads/2021/12/TGTSB_2.jpg]
[neighboranimation.com/work/target-superbowl/index.html]
[neighboranimation.com/wp-json/oembed/1.0/embedd660.json]
[neighboranimation.com/wp-json/oembed/1.0/embed5758]
[neighboranimation.com/wp-content/uploads/2021/12/GIGA_1.jpg]
[neighboranimation.com/wp-content/uploads/2021/12/GIGA_2.jpg]
[neighboranimation.com/wp-content/uploads/2021/12/GIGA_3.jpg]
[neighboranimation.com/wp-content/uploads/2021/12/GIGA_4.jpg]
[neighboranimation.com/wp-content/uploads/2021/12/GIGA_5.jpg]
[neighboranimation.com/work/cox-communications-the-internet-you-always-wanted/index.html]
[neighboranimation.com/wp-json/oembed/1.0/embedf97a.json]
[neighboranimation.com/wp-json/oembed/1.0/embed56d0]
[neighboranimation.com/wp-content/uploads/2021/12/DOLLA_1.jpg]
[neighboranimation.com/wp-content/uploads/2021/12/DOLLA_2.jpg]
[neighboranimation.com/wp-content/uploads/2021/12/DOLLA_3.jpg]
[neighboranimation.com/wp-content/uploads/2021/12/DOLLA_4.jpg]
[neighboranimation.com/wp-content/uploads/2021/12/DOLLA_5.jpg]
[neighboranimation.com/wp-content/uploads/2018/06/CONSERVIS_WIDE_1000x500 (00930).jpg]
[neighboranimation.com/wp-content/uploads/2018/06.9/STUDIO_LUMA_WIDE_1000x500 (00365).jpg]
[neighboranimation.com/wp-content/uploads/2018/07/HANDSOME_WIDE_1000x500 (00228).jpg]
[neighboranimation.com/work/kentucky-lottery-dreamin/index.html]
[neighboranimation.com/wp-json/oembed/1.0/embed73a6.json]
[neighboranimation.com/wp-json/oembed/1.0/embede642]
[neighboranimation.com/wp-content/uploads/2018/06.7/HILL_WIDE_TALL_1000x1000 (00019).jpg]
[neighboranimation.com/wp-content/uploads/2018/06.7/SNOWMAN_REGULAR_500x500 (00021).jpg]
[neighboranimation.com/wp-content/uploads/2018/06.7/CANDY_CANE_REGULAR_500x500 (00021).jpg]
[neighboranimation.com/wp-content/uploads/2018/06.7/PLANE_REGULAR_500x500 (00021).jpg]
[neighboranimation.com/wp-content/uploads/2018/06.7/REINDEER_REGULAR_500x500 (00021).jpg]
[neighboranimation.com/wp-content/uploads/2018/06.7/GINGERBREAD_EXTRA_WIDE_1000x250 (00001).jpg]
[neighboranimation.com/wp-content/uploads/2018/06.7/SLINGSHOT_REGULAR_500x500 (00021).jpg]
[neighboranimation.com/wp-content/uploads/2018/06.7/BREAD_DISC_REGULAR_500x500 (00021).jpg]
[neighboranimation.com/wp-content/uploads/2018/06.7/BEAR_REGULAR_500x500 (00021).jpg]
[neighboranimation.com/wp-content/uploads/2018/06.7/BUNNY_REGULAR_500x500 (00021).jpg]
[neighboranimation.com/work/target-holiday-in-store/index.html]
[neighboranimation.com/wp-json/oembed/1.0/embedd876.json]
[neighboranimation.com/wp-json/oembed/1.0/embeda5fd]
[neighboranimation.com/wp-content/uploads/2021/11/TABLET_1.jpg]
[neighboranimation.com/wp-content/uploads/2021/11/TABLET_2.jpg]
[neighboranimation.com/wp-content/uploads/2021/11/TABLET_3.jpg]
[neighboranimation.com/wp-content/uploads/2021/11/TABLET_4.jpg]
[neighboranimation.com/wp-content/uploads/2021/11/TABLET_5.jpg]
[neighboranimation.com/work/best-buy-android-tablet-loop/index.html]
[neighboranimation.com/wp-json/oembed/1.0/embedc48a.json]
[neighboranimation.com/wp-json/oembed/1.0/embed9950]
[neighboranimation.com/wp-content/uploads/2021/11/TROLLI_1.jpg]
[neighboranimation.com/wp-content/uploads/2021/11/TROLLI_2.jpg]
[neighboranimation.com/wp-content/uploads/2021/11/TROLLI_3.jpg]
[neighboranimation.com/wp-content/uploads/2021/11/TROLLI_4.jpg]
[neighboranimation.com/wp-content/uploads/2021/11/TROLLI_5.jpg]
[neighboranimation.com/work/trolli/index.html]
[neighboranimation.com/wp-json/oembed/1.0/embed6413.json]
[neighboranimation.com/wp-json/oembed/1.0/embed3e2b]
[neighboranimation.com/wp-content/uploads/2021/11/DRUGS_1.jpg]
[neighboranimation.com/wp-content/uploads/2021/11/DRUGS_2.jpg]
[neighboranimation.com/wp-content/uploads/2021/11/DRUGS_3.jpg]
[neighboranimation.com/wp-content/uploads/2021/11/DRUGS_4.jpg]
[neighboranimation.com/wp-content/uploads/2021/11/DRUGS_5.jpg]
[neighboranimation.com/work/minnesota-department-of-human-services/index.html]
[neighboranimation.com/wp-json/oembed/1.0/embeda0e4.json]
[neighboranimation.com/wp-json/oembed/1.0/embed9a8b]
[neighboranimation.com/wp-content/uploads/2021/11/KING_1.jpg]
[neighboranimation.com/wp-content/uploads/2021/11/KING_2.jpg]
[neighboranimation.com/wp-content/uploads/2021/11/KING_3.jpg]
[neighboranimation.com/work/kentucky-lottery-5-card-cash/index.html]
[neighboranimation.com/wp-json/oembed/1.0/embed49cd.json]
[neighboranimation.com/wp-json/oembed/1.0/embed9ea3]
[neighboranimation.com/wp-content/uploads/2021/11/KEYBANK_1.jpg]
[neighboranimation.com/wp-content/uploads/2021/11/KEYBANK_2.jpg]
[neighboranimation.com/wp-content/uploads/2021/11/KEYBANK_3.jpg]
[neighboranimation.com/wp-content/uploads/2021/11/KEYBANK_4.jpg]
[neighboranimation.com/wp-content/uploads/2021/11/KEYBANK_5.jpg]
[neighboranimation.com/work/key-bank/index.html]
[neighboranimation.com/wp-json/oembed/1.0/embedfb4b.json]
[neighboranimation.com/wp-json/oembed/1.0/embed92b2]
[neighboranimation.com/wp-content/uploads/2021/11/POST_1.jpg]
[neighboranimation.com/wp-content/uploads/2021/11/POST_2.jpg]
[neighboranimation.com/wp-content/uploads/2021/11/POST_3.jpg]
[neighboranimation.com/wp-content/uploads/2021/11/POST_4.jpg]
[neighboranimation.com/wp-content/uploads/2021/11/POST_5.jpg]
[neighboranimation.com/work/post-it-notes/index.html]
[neighboranimation.com/wp-json/oembed/1.0/embed8aae.json]
[neighboranimation.com/wp-json/oembed/1.0/embed9bba]
[neighboranimation.com/wp-content/uploads/2021/11/NBA_1.jpg]
[neighboranimation.com/wp-content/uploads/2021/11/NBA_2.jpg]
[neighboranimation.com/wp-content/uploads/2021/11/NBA_3.jpg]
[neighboranimation.com/wp-content/uploads/2021/11/NBA_4.jpg]
[neighboranimation.com/wp-content/uploads/2021/11/NBA_5.jpg]
[neighboranimation.com/wp-content/uploads/2018/06.9/FERRARA_WIDE_1000x500 (01025).jpg]
[neighboranimation.com/wp-content/uploads/2018/06/HORSE_WIDE_1000x500 (00293).jpg]
[neighboranimation.com/work/bleacher-report-its-the-weekend/index.html]
[neighboranimation.com/wp-json/oembed/1.0/embed48a0.json]
[neighboranimation.com/wp-json/oembed/1.0/embedb91b]
[neighboranimation.com/wp-content/uploads/2021/11/BUGS_1.jpg]
[neighboranimation.com/wp-content/uploads/2021/11/BUGS_2.jpg]
[neighboranimation.com/wp-content/uploads/2021/11/BUGS_3.jpg]
[neighboranimation.com/wp-content/uploads/2021/11/BUGS_4.jpg]
[neighboranimation.com/wp-content/uploads/2021/11/BUGS_5.jpg]
[neighboranimation.com/work/ted-ed-should-we-eat-bugs/index.html]
[neighboranimation.com/wp-json/oembed/1.0/embedce7f.json]
[neighboranimation.com/wp-json/oembed/1.0/embed24ee]
[neighboranimation.com/wp-content/uploads/2021/11/TGTMEET_1.jpg]
[neighboranimation.com/wp-content/uploads/2021/11/TGTMEET_2.jpg]
[neighboranimation.com/wp-content/uploads/2021/11/TGTMEET_3.jpg]
[neighboranimation.com/wp-content/uploads/2021/11/TGTMEET_4.jpg]
[neighboranimation.com/wp-content/uploads/2021/11/TGTMEET_5.jpg]
[neighboranimation.com/work/target-national-fall-meeting/index.html]
[neighboranimation.com/wp-json/oembed/1.0/embed3fce.json]
[neighboranimation.com/wp-json/oembed/1.0/embed8764]
[neighboranimation.com/wp-content/uploads/2021/11/FERRARA_1.jpg]
[neighboranimation.com/wp-content/uploads/2021/11/FERRARA_2.jpg]
[neighboranimation.com/wp-content/uploads/2021/11/FERRARA_3.jpg]
[neighboranimation.com/wp-content/uploads/2021/11/FERRARA_4.jpg]
[neighboranimation.com/wp-content/uploads/2021/11/FERRARA_5.jpg]
[neighboranimation.com/work/ferrara/index.html]
[neighboranimation.com/wp-json/oembed/1.0/embed04fe.json]
[neighboranimation.com/wp-json/oembed/1.0/embeda8e4]
[neighboranimation.com/wp-content/uploads/2021/11/HARVXTRA_1.jpg]
[neighboranimation.com/wp-content/uploads/2021/11/HARVXTRA_2.jpg]
[neighboranimation.com/wp-content/uploads/2021/11/HARVXTRA_3.jpg]
[neighboranimation.com/wp-content/uploads/2021/11/HARVXTRA_4.jpg]
[neighboranimation.com/wp-content/uploads/2021/11/HARVXTRA_5.jpg]
[neighboranimation.com/wp-content/uploads/2018/06.7/New_Energy_Grid_Wide_02.jpg]
[neighboranimation.com/work/harvxtra/index.html]
[neighboranimation.com/wp-json/oembed/1.0/embed06e7.json]
[neighboranimation.com/wp-json/oembed/1.0/embed4aad]
[neighboranimation.com/wp-content/uploads/2021/11/GRID_1.jpg]
[neighboranimation.com/wp-content/uploads/2021/11/GRID_2.jpg]
[neighboranimation.com/wp-content/uploads/2021/11/GRID_3.jpg]
[neighboranimation.com/wp-content/uploads/2021/11/GRID_4.jpg]
[neighboranimation.com/wp-content/uploads/2021/11/GRID_5.jpg]
[neighboranimation.com/work/xcel-energy/index.html]
[neighboranimation.com/wp-json/oembed/1.0/embedadc9.json]
[neighboranimation.com/wp-json/oembed/1.0/embed0967]
[neighboranimation.com/wp-content/uploads/2021/11/ZEO_1.jpg]
[neighboranimation.com/wp-content/uploads/2021/11/ZEO_2.jpg]
[neighboranimation.com/wp-content/uploads/2021/11/ZEO_3.jpg]
[neighboranimation.com/wp-content/uploads/2021/11/ZEO_4.jpg]
[neighboranimation.com/wp-content/uploads/2021/11/ZEO_5.jpg]
[neighboranimation.com/work/tcf-bank/index.html]
[neighboranimation.com/wp-json/oembed/1.0/embedac8b.json]
[neighboranimation.com/wp-json/oembed/1.0/embed27c9]
[neighboranimation.com/wp-content/uploads/2021/11/ENGENIA_1.jpg]
[neighboranimation.com/wp-content/uploads/2021/11/ENGENIA_2.jpg]
[neighboranimation.com/wp-content/uploads/2021/11/ENGENIA_3.jpg]
[neighboranimation.com/wp-content/uploads/2021/11/ENGENIA_4.jpg]
[neighboranimation.com/wp-content/uploads/2021/11/ENGENIA_5.jpg]
[neighboranimation.com/work/basf-seriously-smart/index.html]
[neighboranimation.com/wp-json/oembed/1.0/embedbe77.json]
[neighboranimation.com/wp-json/oembed/1.0/embed4353]
[neighboranimation.com/wp-content/uploads/2018/06.9/SMARTESTGIFT_LARRY_WIDE.jpg]
[neighboranimation.com/wp-content/uploads/2018/06.9/SMARTESTGIFT_ADDITIONAL_WIDE_1000x500 (00202).jpg]
[neighboranimation.com/wp-content/uploads/2021/11/SMARTGIFT_1.jpg]
[neighboranimation.com/wp-content/uploads/2021/11/SMARTGIFT_2.jpg]
[neighboranimation.com/wp-content/uploads/2021/11/SMARTGIFT_3.jpg]
[neighboranimation.com/work/bissell/index.html]
[neighboranimation.com/wp-json/oembed/1.0/embed595e.json]
[neighboranimation.com/wp-json/oembed/1.0/embed458d]
[neighboranimation.com/wp-content/uploads/2021/11/CHEM_1.jpg]
[neighboranimation.com/wp-content/uploads/2021/11/CHEM_2.jpg]
[neighboranimation.com/wp-content/uploads/2021/11/CHEM_3.jpg]
[neighboranimation.com/wp-content/uploads/2021/11/CHEM_4.jpg]
[neighboranimation.com/wp-content/uploads/2021/11/CHEM_5.jpg]
[neighboranimation.com/work/ted-ed-if-molecules-were-people/index.html]
[neighboranimation.com/wp-content/uploads/2018/06.9/COLOR_CURRENTS_WIDE_1000x500 (00653).jpg]
[neighboranimation.com/wp-json/oembed/1.0/embede7ba.json]
[neighboranimation.com/wp-json/oembed/1.0/embed1fdb]
[neighboranimation.com/wp-content/uploads/2021/11/BEHR_1.jpg]
[neighboranimation.com/wp-content/uploads/2021/11/BEHR_2.jpg]
[neighboranimation.com/wp-content/uploads/2021/11/BEHR_3.jpg]
[neighboranimation.com/wp-content/uploads/2021/11/BEHR_4.jpg]
[neighboranimation.com/wp-content/uploads/2021/11/BEHR_5.jpg]
[neighboranimation.com/work/behr/index.html]
[neighboranimation.com/wp-json/oembed/1.0/embed6698.json]
[neighboranimation.com/wp-json/oembed/1.0/embed554b]
[neighboranimation.com/wp-content/uploads/2021/11/SLAVE_1.jpg]
[neighboranimation.com/wp-content/uploads/2021/11/SLAVE_2.jpg]
[neighboranimation.com/wp-content/uploads/2021/11/SLAVE_3.jpg]
[neighboranimation.com/wp-content/uploads/2021/11/SLAVE_4.jpg]
[neighboranimation.com/wp-content/uploads/2021/11/SLAVE_5.jpg]
[neighboranimation.com/work/ted-ed-atlantic-slave-trade/index.html]
[neighboranimation.com/wp-json/oembed/1.0/embed260c.json]
[neighboranimation.com/wp-json/oembed/1.0/embedf9d1]
[neighboranimation.com/wp-content/uploads/2022/01/GALAXY_1.jpg]
[neighboranimation.com/wp-content/uploads/2022/01/GALAXY_2.jpg]
[neighboranimation.com/wp-content/uploads/2022/01/GALAXY_3.jpg]
[neighboranimation.com/wp-content/uploads/2022/01/GALAXY_4.jpg]
[neighboranimation.com/wp-content/uploads/2022/01/GALAXY_5.jpg]
[neighboranimation.com/work/galaxy-of-me/index.html]
[neighboranimation.com/wp-json/oembed/1.0/embed8205.json]
[neighboranimation.com/wp-json/oembed/1.0/embed2840]
[neighboranimation.com/wp-content/uploads/2021/11/ISOFA_1.jpg]
[neighboranimation.com/wp-content/uploads/2021/11/ISOFA_2.jpg]
[neighboranimation.com/wp-content/uploads/2021/11/ISOFA_3.jpg]
[neighboranimation.com/wp-content/uploads/2021/11/ISOFA_4.jpg]
[neighboranimation.com/wp-content/uploads/2021/11/ISOFA_5.jpg]
[neighboranimation.com/work/rooms-to-go/index.html]
[neighboranimation.com/wp-json/oembed/1.0/embeda1d9.json]
[neighboranimation.com/wp-json/oembed/1.0/embed0770]
[neighboranimation.com/wp-content/uploads/2021/11/FLU_1.jpg]
[neighboranimation.com/wp-content/uploads/2021/11/FLU_2.jpg]
[neighboranimation.com/wp-content/uploads/2021/11/FLU_3.jpg]
[neighboranimation.com/work/target-flu-shot/index.html]
[neighboranimation.com/wp-json/oembed/1.0/embed9051.json]
[neighboranimation.com/wp-json/oembed/1.0/embed78ed]
[neighboranimation.com/wp-content/uploads/2021/11/LEVIS_1.jpg]
[neighboranimation.com/wp-content/uploads/2021/11/LEVIS_2.jpg]
[neighboranimation.com/wp-content/uploads/2021/11/LEVIS_3.jpg]
[neighboranimation.com/wp-content/uploads/2021/11/LEVIS_4.jpg]
[neighboranimation.com/wp-content/uploads/2021/11/LEVIS_5.jpg]
[neighboranimation.com/work/levis-revel/index.html]
[neighboranimation.com/wp-content/cache/minify/c007a.css]
[neighboranimation.com/wp-json/oembed/1.0/embededa4.json]
[neighboranimation.com/wp-json/oembed/1.0/embed17b3]
[neighboranimation.com/wp-content/uploads/2021/11/HANDSOME_1.jpg]
[neighboranimation.com/wp-content/uploads/2021/11/HANDSOME_2.jpg]
[neighboranimation.com/wp-content/uploads/2021/11/HANDSOME_3.jpg]
[neighboranimation.com/wp-content/uploads/2021/11/HANDSOME_4.jpg]
[neighboranimation.com/wp-content/uploads/2021/11/HANDSOME_5.jpg]
[neighboranimation.com/work/handsome-cycles/index.html]
[neighboranimation.com/wp-content/cache/minify/6ba77.js]
[neighboranimation.com/wp-json/oembed/1.0/embed037b.json]
[neighboranimation.com/wp-json/oembed/1.0/embeda995]
[neighboranimation.com/wp-content/uploads/2021/11/PFP_1.jpg]
[neighboranimation.com/wp-content/uploads/2021/11/PFP_2.jpg]
[neighboranimation.com/wp-content/uploads/2021/11/PFP_3.jpg]
[neighboranimation.com/wp-content/uploads/2021/11/PFP_4.jpg]
[neighboranimation.com/wp-content/uploads/2021/11/PFP_5.jpg]
[neighboranimation.com/work/kentucky-lottery-points-for-prizes/index.html]
[neighboranimation.com/wp-json/oembed/1.0/embed3ba4.json]
[neighboranimation.com/wp-json/oembed/1.0/embedb844]
[neighboranimation.com/wp-content/uploads/2019/01/DRIVE_SMARTER_WIDE_1000x500-00120-300x150.jpg]
[neighboranimation.com/wp-content/uploads/2019/01/TrafficAlerts-300x150.jpg]
[neighboranimation.com/wp-content/uploads/2019/01/MobileConnectivity-300x150.jpg]
[neighboranimation.com/wp-content/uploads/2021/11/GARMIN_4.jpg]
[neighboranimation.com/wp-content/uploads/2021/11/GARMIN_5.jpg]
[neighboranimation.com/work/garmin-for-best-buy-drive-smarter-arrive-faster/index.html]
[neighboranimation.com/wp-json/oembed/1.0/embeda638.json]
[neighboranimation.com/wp-json/oembed/1.0/embed01a2]
[neighboranimation.com/wp-content/uploads/2021/11/MG_1.jpg]
[neighboranimation.com/wp-content/uploads/2021/11/MG_2.jpg]
[neighboranimation.com/wp-content/uploads/2021/11/MG_3.jpg]
[neighboranimation.com/wp-content/uploads/2021/11/MG_4.jpg]
[neighboranimation.com/wp-content/uploads/2021/11/MG_5.jpg]
[neighboranimation.com/work/microgigantic/index.html]
[neighboranimation.com/wp-json/oembed/1.0/embeda9f1.json]
[neighboranimation.com/wp-json/oembed/1.0/embeda3a9]
[neighboranimation.com/wp-content/uploads/2021/11/GIGDIG_1.jpg]
[neighboranimation.com/wp-content/uploads/2021/11/GIGDIG_2.jpg]
[neighboranimation.com/wp-content/uploads/2021/11/GIGDIG_3.jpg]
[neighboranimation.com/wp-content/uploads/2021/11/GIGDIG_4.jpg]
[neighboranimation.com/wp-content/uploads/2021/11/GIGDIG_5.jpg]
[neighboranimation.com/work/cox-communications-gigablast-in-store/index.html]
[neighboranimation.com/wp-json/oembed/1.0/embeda4c7.json]
[neighboranimation.com/wp-json/oembed/1.0/embedd724]
[neighboranimation.com/wp-content/uploads/2021/11/LAIKA_1.jpg]
[neighboranimation.com/wp-content/uploads/2021/11/LAIKA_2.jpg]
[neighboranimation.com/wp-content/uploads/2021/11/LAIKA_3.jpg]
[neighboranimation.com/wp-content/uploads/2021/11/LAIKA_4.jpg]
[neighboranimation.com/wp-content/uploads/2021/11/LAIKA_5.jpg]
[neighboranimation.com/work/motionpoems-triolet-for-laika/index.html]
[neighboranimation.com/wp-json/oembed/1.0/embed5fb1.json]
[neighboranimation.com/wp-json/oembed/1.0/embedc325]
[neighboranimation.com/wp-content/uploads/2021/11/BR_ARENA_1.jpg]
[neighboranimation.com/wp-content/uploads/2021/11/BR_ARENA_2.jpg]
[neighboranimation.com/wp-content/uploads/2021/11/BR_ARENA_3.jpg]
[neighboranimation.com/wp-content/uploads/2021/11/BR_ARENA_4.jpg]
[neighboranimation.com/wp-content/uploads/2021/11/BR_ARENA_5.jpg]
[neighboranimation.com/work/bleacher-report-lets-all-go-to-the-arena/index.html]
[neighboranimation.com/wp-content/themes/salient/css/build/style-non-critical7c47.css]
[neighboranimation.com/wp-content/themes/salient/css/build/plugins/magnificdb31.css]
[neighboranimation.com/wp-content/themes/salient/css/build/off-canvas/core7c47.css]
[neighboranimation.com/wp-content/themes/salient/css/build/off-canvas/fullscreen-legacy7c47.css]
[neighboranimation.com/wp-content/cache/minify/cc1d2.js]
[neighboranimation.com/wp-content/cache/minify/93721.js]
[apis.google.com/js/plusone.js]
[assets.pinterest.com/js/pinit.js]
[neighboranimation.com/wp-content/cache/minify/8f3f6.js]
[neighboranimation.com/wp-content/themes/salient/css/fonts/fontawesome-webfont.svg]
[neighboranimation.com/wp-content/themes/salient/css/fonts/icomoon.svg]
[p.typekit.net/p8c01.css]
[neighboranimation.com/wp-content/cache/minify/5073a.css]
[neighboranimation.com/wp-content/cache/minify/04501.css]
[neighboranimation.com/wp-content/cache/minify/e65d1.css]
[neighboranimation.com/index9ebd.html]
[neighboranimation.com/work/the-internet-you-always-wanted/index.html]
[neighboranimation.com/work/points-for-prizes/index.html]
[neighboranimation.com/work/moments/index.html]
[neighboranimation.com/work/everything-takes-off-from-here/index.html]
[neighboranimation.com/work/if-molecules-were-people/index.html]
[neighboranimation.com/work/oh-bot/index.html]
[neighboranimation.com/wp-content/cache/minify/08dcf.css]
[neighboranimation.com/wp-content/cache/minify/b7233.js]
[neighboranimation.com/indexc848.html]
[neighboranimation.com/index33ec.html]
[neighboranimation.com/index2202.html]
[neighboranimation.com/index900e.html]
[neighboranimation.com/indexee13.html]
[neighboranimation.com/indexcd97.html]
[neighboranimation.com/index8991.html]
[neighboranimation.com/index91d5.html]
[neighboranimation.com/index93be.html]
[neighboranimation.com/indexaa10.html]
[neighboranimation.com/index585c.html]
[neighboranimation.com/index1e0d.html]
[neighboranimation.com/indexe32f.html]
[neighboranimation.com/index17f8.html]
[neighboranimation.com/index08a9.html]
[neighboranimation.com/index3d9e.html]
[neighboranimation.com/wp-json/oembed/1.0/embed1649.json]
[neighboranimation.com/wp-json/oembed/1.0/embedbe9b]
[neighboranimation.com/wp-content/uploads/2021/12/EXPO_1.jpg]
[neighboranimation.com/wp-content/uploads/2021/12/EXPO_2.jpg]
[neighboranimation.com/wp-content/uploads/2021/12/EXPO_3.jpg]
[neighboranimation.com/wp-content/uploads/2021/12/EXPO_4.jpg]
[neighboranimation.com/wp-content/uploads/2021/12/EXPO_5.jpg]
[neighboranimation.com/work/starkey/index.html]
[neighboranimation.com/wp-json/oembed/1.0/embed6871.json]
[neighboranimation.com/wp-json/oembed/1.0/embed99df]
[neighboranimation.com/wp-content/uploads/2021/11/LUMA_1.jpg]
[neighboranimation.com/wp-content/uploads/2021/11/LUMA_2.jpg]
[neighboranimation.com/wp-content/uploads/2021/11/LUMA_3.jpg]
[neighboranimation.com/wp-content/uploads/2021/11/LUMA_4.jpg]
[neighboranimation.com/wp-content/uploads/2021/11/LUMA_5.jpg]
[neighboranimation.com/work/cambio-education/index.html]
[neighboranimation.com/wp-json/oembed/1.0/embedcd19.json]
[neighboranimation.com/wp-json/oembed/1.0/embed3612]
[neighboranimation.com/wp-content/uploads/2021/12/CONSER_1.jpg]
[neighboranimation.com/wp-content/uploads/2021/12/CONSER_2.jpg]
[neighboranimation.com/wp-content/uploads/2021/12/CONSER_3.jpg]
[neighboranimation.com/wp-content/uploads/2021/12/CONSER_4.jpg]
[neighboranimation.com/work/conservis/index.html]
[neighboranimation.com/index1142.html]
[neighboranimation.com/indexe6ee.html]
[neighboranimation.com/index1740.html]
[neighboranimation.com/index6d93.html]
[neighboranimation.com/index0c5a.html]
[neighboranimation.com/index8d33.html]
[neighboranimation.com/index38c7.html]
[neighboranimation.com/index2f6c.html]
[neighboranimation.com/indexbd4e.html]
[neighboranimation.com/indexf65c.html]
[neighboranimation.com/indexd9e7.html]
[neighboranimation.com/index138b.html]
[neighboranimation.com/indexcfcd.html]
[neighboranimation.com/wp-content/uploads/2018/07/FINANCIAL_ENGINES_WIDE_1000x500 (00001.html]
[neighboranimation.com/index443b.html]
[neighboranimation.com/work/android-tablet-loop/index.html]
[neighboranimation.com/work/small-part-of-your-huge/index.html]
[neighboranimation.com/work/better-choices-with-zeo/index.html]
[neighboranimation.com/work/momentum/index.html]
[neighboranimation.com/work/seriously-smart/index.html]
[neighboranimation.com/work/flu-shot/index.html]
[neighboranimation.com/work/drive-smarter-drive-faster/index.html]
[neighboranimation.com/work/the-new-energy-grid/index.html]
[neighboranimation.com/indexcb30.html]
[neighboranimation.com/wp-content/uploads/2018/06.9/OH_THRILL_2_WIDE_1000x500 (00153.html]
[neighboranimation.com/index4f61.html]
[neighboranimation.com/indexe96d.html]
[neighboranimation.com/wp-content/uploads/2018/06.5/EVERYTHING_TAKES_OFF_WIDE_1000x500 (00135.html]
[neighboranimation.com/indexf8dc.html]
[neighboranimation.com/wp-content/uploads/2018/06.5/BLUE_ZONES_WIDE_1000x500 (00293.html]
[neighboranimation.com/index4b2e.html]
[neighboranimation.com/work/should-we-eat-bugs/index.html]
[neighboranimation.com/work/atlantic-slave-trade/index.html]
[neighboranimation.com/work/the-smartestgift/index.html]
[neighboranimation.com/work/its-the-weekend/index.html]
[neighboranimation.com/work/triolet-for-laika/index.html]
[neighboranimation.com/work/lets-all-go-to-the-arena/index.html]
[neighboranimation.com/index325f.html]
[neighboranimation.com/wp-content/uploads/2018/06.5/INTERNET_WIDE_1000x500 (00217.html]
[neighboranimation.com/index8f31.html]
[neighboranimation.com/index9a65.html]
[neighboranimation.com/work/5-card-cash/index.html]
[neighboranimation.com/work/home-hardware-and-happiness/index.html]
[neighboranimation.com/work/grow-with-conservis/index.html]
[neighboranimation.com/work/gig/index.html]
[neighboranimation.com/work/studio-luma/index.html]
[neighboranimation.com/work/handome-cycles-in-store/index.html]
[neighboranimation.com/work/starkey-hearing-innovation-expo/index.html]
[neighboranimation.com/wp-content/uploads/2018/06/TARGET_WIDE_1000x500 (00019.html]
[neighboranimation.com/index21fb.html]
[neighboranimation.com/wp-content/uploads/2018/06/DREAMIN_WIDE_1000x500 (00001.html]
[neighboranimation.com/wp-content/uploads/2018/06/CONSERVIS_WIDE_1000x500 (00930.html]
[neighboranimation.com/index1f6b.html]
[neighboranimation.com/work/every-batch-is-a-mystery/index.html]
[neighboranimation.com/work/blue-zones/index.html]
[neighboranimation.com/wp-content/uploads/2018/07/TROLLI_TRADE_WIDE_1000x500 (00090.html]
[neighboranimation.com/index7dd5.html]
[neighboranimation.com/index4413.html]
[neighboranimation.com/wp-content/uploads/2018/05/WIDE_1000x500 (00458.html]
[neighboranimation.com/index4579.html]
[neighboranimation.com/work/dreamin/index.html]
[neighboranimation.com/wp-content/uploads/2018/07/KEY_WIDE_1000x500 (00001.html]
[neighboranimation.com/indexba52.html]
[neighboranimation.com/wp-content/uploads/2018/06/POSTIT_WIDE_1000x500 (01006.html]
[neighboranimation.com/indexbb4b.html]
[neighboranimation.com/wp-content/uploads/2018/06/WEEKEND_WIDE_1000x500 (00137.html]
[neighboranimation.com/index2cf9.html]
[neighboranimation.com/work/year-of-the-horse/index.html]
[neighboranimation.com/wp-content/uploads/2018/06/BUGS_WIDE_1000x500 (00572.html]
[neighboranimation.com/index98bd.html]
[neighboranimation.com/index5795.html]
[neighboranimation.com/wp-content/uploads/2018/06.9/STUDIO_LUMA_WIDE_1000x500 (00365.html]
[neighboranimation.com/index6041.html]
[neighboranimation.com/wp-content/uploads/2018/06.5/HARV_EXTRA_WIDE_1000x500 (00646.html]
[neighboranimation.com/index2cce.html]
[neighboranimation.com/wp-content/uploads/2018/06.9/FERRARA_WIDE_1000x500 (01025.html]
[neighboranimation.com/index6f0d.html]
[neighboranimation.com/wp-content/uploads/2018/06/ZEO_WIDE_1000x500 (00414.html]
[neighboranimation.com/index327d.html]
[neighboranimation.com/wp-content/uploads/2018/06.5/SERIOUSLY_SMART_WIDE_1000x500 (00050.html]
[neighboranimation.com/index0e62.html]
[neighboranimation.com/wp-content/uploads/2018/06/THE_SMARTESTGIFT_WIDE_1000x500 (00223.html]
[neighboranimation.com/indexc7c9.html]
[neighboranimation.com/wp-content/uploads/2018/06/MOLECULES_WIDE_1000x500 (00001.html]
[neighboranimation.com/index70ff.html]
[neighboranimation.com/wp-content/uploads/2018/06.9/COLOR_CURRENTS_WIDE_1000x500 (00653.html]
[neighboranimation.com/indexcd66.html]
[neighboranimation.com/work/levis-revel-in-store/index.html]
[neighboranimation.com/wp-content/uploads/2018/06.9/SLAVE_WIDE_1000x500 (00322.html]
[neighboranimation.com/indexd350.html]
[neighboranimation.com/wp-content/uploads/2018/06.9/GALAXY_OF_ME_WIDE_1000x500 (00378.html]
[neighboranimation.com/index93ac.html]
[neighboranimation.com/wp-content/uploads/2018/06.9/ROOMS_TO_GO_WIDE_1000x500 (00333.html]
[neighboranimation.com/index735b.html]
[neighboranimation.com/work/color-currents/index.html]
[neighboranimation.com/wp-content/uploads/2018/06.9/FLU_WIDE_1000x500 (00068.html]
[neighboranimation.com/index582f.html]
[neighboranimation.com/indexba06.html]
[neighboranimation.com/wp-content/uploads/2018/07/HANDSOME_WIDE_1000x500 (00228.html]
[neighboranimation.com/wp-content/cache/minify/c007a.css]
[neighboranimation.com/indexea99.html]
[neighboranimation.com/wp-content/uploads/2018/07/WIDE_1000x500 (00177.html]
[neighboranimation.com/wp-content/cache/minify/6ba77.js]
[neighboranimation.com/index2d7f.html]
[neighboranimation.com/wp-content/uploads/2018/06/DRIVE_SMARTER_WIDE_1000x500 (00120.html]
[neighboranimation.com/indexc141.html]
[neighboranimation.com/wp-content/uploads/2018/06.5/SMALL_PART_OF_YOUR_WIDE_1000x500 (00769.html]
[neighboranimation.com/index26b0.html]
[neighboranimation.com/wp-content/uploads/2018/06.5/GIG_WIDE_1000x500 (00748.html]
[neighboranimation.com/index3965.html]
[neighboranimation.com/wp-content/uploads/2018/06/LAIKA_WIDE_1000x500 (02058.html]
[neighboranimation.com/indexa83f.html]
[neighboranimation.com/wp-content/uploads/2018/06/LETSALLGO_WIDE_1000x500 (00001.html]
[neighboranimation.com/index08f3.html]
[neighboranimation.com/location.html]
[neighboranimation.com/Edge/index.html]
[neighboranimation.com/index7dad.html]
[neighboranimation.com/index082e.html]
[neighboranimation.com/index0314.html]
